i2c.c:10:6:TIMER__Wait_us	0	static
i2c.c:80:6:sda_high	8	static
i2c.c:87:6:sda_low	8	static
i2c.c:94:6:sda_out	8	static
i2c.c:106:6:scl_high	8	static
i2c.c:111:6:scl_low	8	static
i2c.c:65:6:i2c_start_condition	8	static
i2c.c:140:6:i2c_clk_data_out	8	static
i2c.c:116:6:i2c_slave_address	16	static
i2c.c:177:6:sda_in_mode	24	static
i2c.c:188:6:sda_out_mode	24	static
i2c.c:199:9:SW_I2C_ReadVal_SDA	8	static
i2c.c:148:9:i2c_check_ack	8	static
i2c.c:206:6:SW_I2C_Write_Data	16	static
i2c.c:223:6:i2c_stop_condition	8	static
i2c.c:16:9:OLED_WR_Byte	16	static
i2c.c:51:9:OLED_Display_on	8	static
i2c.c:58:9:OLED_Display_off	8	static
