Archive member included to satisfy reference by file (symbol)

c:/program files (x86)/atollic/truestudio for stm32 9.0.1/armtools/bin/../lib/gcc/arm-atollic-eabi/6.3.1/../../../../arm-atollic-eabi/lib/armv7-m\libc_nano.a(lib_a-errno.o)
                              Src\syscalls.o (__errno)
c:/program files (x86)/atollic/truestudio for stm32 9.0.1/armtools/bin/../lib/gcc/arm-atollic-eabi/6.3.1/../../../../arm-atollic-eabi/lib/armv7-m\libc_nano.a(lib_a-impure.o)
                              c:/program files (x86)/atollic/truestudio for stm32 9.0.1/armtools/bin/../lib/gcc/arm-atollic-eabi/6.3.1/../../../../arm-atollic-eabi/lib/armv7-m\libc_nano.a(lib_a-errno.o) (_impure_ptr)
c:/program files (x86)/atollic/truestudio for stm32 9.0.1/armtools/bin/../lib/gcc/arm-atollic-eabi/6.3.1/../../../../arm-atollic-eabi/lib/armv7-m\libc_nano.a(lib_a-init.o)
                              startup\startup_stm32f103xb.o (__libc_init_array)
c:/program files (x86)/atollic/truestudio for stm32 9.0.1/armtools/bin/../lib/gcc/arm-atollic-eabi/6.3.1/../../../../arm-atollic-eabi/lib/armv7-m\libc_nano.a(lib_a-memset.o)
                              BSP\OLED\oled.o (memset)
c:/program files (x86)/atollic/truestudio for stm32 9.0.1/armtools/bin/../lib/gcc/arm-atollic-eabi/6.3.1/../../../../arm-atollic-eabi/lib/armv7-m\libc_nano.a(lib_a-rand.o)
                              App\test.o (srand)
c:/program files (x86)/atollic/truestudio for stm32 9.0.1/armtools/bin/../lib/gcc/arm-atollic-eabi/6.3.1/../../../../arm-atollic-eabi/lib/armv7-m\libc_nano.a(lib_a-malloc.o)
                              c:/program files (x86)/atollic/truestudio for stm32 9.0.1/armtools/bin/../lib/gcc/arm-atollic-eabi/6.3.1/../../../../arm-atollic-eabi/lib/armv7-m\libc_nano.a(lib_a-rand.o) (malloc)
c:/program files (x86)/atollic/truestudio for stm32 9.0.1/armtools/bin/../lib/gcc/arm-atollic-eabi/6.3.1/../../../../arm-atollic-eabi/lib/armv7-m\libc_nano.a(lib_a-nano-freer.o)
                              c:/program files (x86)/atollic/truestudio for stm32 9.0.1/armtools/bin/../lib/gcc/arm-atollic-eabi/6.3.1/../../../../arm-atollic-eabi/lib/armv7-m\libc_nano.a(lib_a-malloc.o) (_free_r)
c:/program files (x86)/atollic/truestudio for stm32 9.0.1/armtools/bin/../lib/gcc/arm-atollic-eabi/6.3.1/../../../../arm-atollic-eabi/lib/armv7-m\libc_nano.a(lib_a-nano-mallocr.o)
                              c:/program files (x86)/atollic/truestudio for stm32 9.0.1/armtools/bin/../lib/gcc/arm-atollic-eabi/6.3.1/../../../../arm-atollic-eabi/lib/armv7-m\libc_nano.a(lib_a-malloc.o) (_malloc_r)
c:/program files (x86)/atollic/truestudio for stm32 9.0.1/armtools/bin/../lib/gcc/arm-atollic-eabi/6.3.1/../../../../arm-atollic-eabi/lib/armv7-m\libc_nano.a(lib_a-sbrkr.o)
                              c:/program files (x86)/atollic/truestudio for stm32 9.0.1/armtools/bin/../lib/gcc/arm-atollic-eabi/6.3.1/../../../../arm-atollic-eabi/lib/armv7-m\libc_nano.a(lib_a-nano-mallocr.o) (_sbrk_r)
c:/program files (x86)/atollic/truestudio for stm32 9.0.1/armtools/bin/../lib/gcc/arm-atollic-eabi/6.3.1/../../../../arm-atollic-eabi/lib/armv7-m\libc_nano.a(lib_a-mlock.o)
                              c:/program files (x86)/atollic/truestudio for stm32 9.0.1/armtools/bin/../lib/gcc/arm-atollic-eabi/6.3.1/../../../../arm-atollic-eabi/lib/armv7-m\libc_nano.a(lib_a-nano-freer.o) (__malloc_lock)
c:/program files (x86)/atollic/truestudio for stm32 9.0.1/armtools/bin/../lib/gcc/arm-atollic-eabi/6.3.1/../../../../arm-atollic-eabi/lib/armv7-m\libc_nano.a(lib_a-reent.o)
                              c:/program files (x86)/atollic/truestudio for stm32 9.0.1/armtools/bin/../lib/gcc/arm-atollic-eabi/6.3.1/../../../../arm-atollic-eabi/lib/armv7-m\libc_nano.a(lib_a-sbrkr.o) (errno)
c:/program files (x86)/atollic/truestudio for stm32 9.0.1/armtools/bin/../lib/gcc/arm-atollic-eabi/6.3.1/armv7-m\libgcc.a(_lshrdi3.o)
                              Drivers\STM32F1xx_HAL_Driver\Src\stm32f1xx_hal_flash.o (__aeabi_llsr)

Allocating common symbols
Common symbol       size              file

errno               0x4               c:/program files (x86)/atollic/truestudio for stm32 9.0.1/armtools/bin/../lib/gcc/arm-atollic-eabi/6.3.1/../../../../arm-atollic-eabi/lib/armv7-m\libc_nano.a(lib_a-reent.o)
hi2c2               0x54              Src\i2c.o
uwTick              0x4               Drivers\STM32F1xx_HAL_Driver\Src\stm32f1xx_hal.o
pFlash              0x20              Drivers\STM32F1xx_HAL_Driver\Src\stm32f1xx_hal_flash.o
huart1              0x40              Src\usart.o

Discarded input sections

 .text          0x00000000        0x0 c:/program files (x86)/atollic/truestudio for stm32 9.0.1/armtools/bin/../lib/gcc/arm-atollic-eabi/6.3.1/armv7-m/crti.o
 .data          0x00000000        0x0 c:/program files (x86)/atollic/truestudio for stm32 9.0.1/armtools/bin/../lib/gcc/arm-atollic-eabi/6.3.1/armv7-m/crti.o
[...]
Memory Configuration

Name             Origin             Length             Attributes
RAM              0x20000000         0x00005000         xrw
FLASH            0x08000000         0x00020000         xr
*default*        0x00000000         0xffffffff

Linker script and memory map

LOAD c:/program files (x86)/atollic/truestudio for stm32 9.0.1/armtools/bin/../lib/gcc/arm-atollic-eabi/6.3.1/armv7-m/crti.o
LOAD c:/program files (x86)/atollic/truestudio for stm32 9.0.1/armtools/bin/../lib/gcc/arm-atollic-eabi/6.3.1/armv7-m/crtbegin.o
LOAD App\gui.o
LOAD App\test.o
LOAD BSP\OLED\oled.o
LOAD Drivers\STM32F1xx_HAL_Driver\Src\stm32f1xx_hal.o
LOAD Drivers\STM32F1xx_HAL_Driver\Src\stm32f1xx_hal_cortex.o
LOAD Drivers\STM32F1xx_HAL_Driver\Src\stm32f1xx_hal_dma.o
LOAD Drivers\STM32F1xx_HAL_Driver\Src\stm32f1xx_hal_flash.o
LOAD Drivers\STM32F1xx_HAL_Driver\Src\stm32f1xx_hal_flash_ex.o
LOAD Drivers\STM32F1xx_HAL_Driver\Src\stm32f1xx_hal_gpio.o
LOAD Drivers\STM32F1xx_HAL_Driver\Src\stm32f1xx_hal_gpio_ex.o
LOAD Drivers\STM32F1xx_HAL_Driver\Src\stm32f1xx_hal_i2c.o
LOAD Drivers\STM32F1xx_HAL_Driver\Src\stm32f1xx_hal_pwr.o
LOAD Drivers\STM32F1xx_HAL_Driver\Src\stm32f1xx_hal_rcc.o
LOAD Drivers\STM32F1xx_HAL_Driver\Src\stm32f1xx_hal_rcc_ex.o
LOAD Drivers\STM32F1xx_HAL_Driver\Src\stm32f1xx_hal_tim.o
LOAD Drivers\STM32F1xx_HAL_Driver\Src\stm32f1xx_hal_tim_ex.o
LOAD Drivers\STM32F1xx_HAL_Driver\Src\stm32f1xx_hal_uart.o
LOAD Src\gpio.o
LOAD Src\i2c.o
LOAD Src\main.o
LOAD Src\stm32f1xx_hal_msp.o
LOAD Src\stm32f1xx_it.o
LOAD Src\syscalls.o
LOAD Src\system_stm32f1xx.o
LOAD Src\usart.o
LOAD startup\startup_stm32f103xb.o
                0x00000080                malloc_getpagesize_P = 0x80
START GROUP
LOAD c:/program files (x86)/atollic/truestudio for stm32 9.0.1/armtools/bin/../lib/gcc/arm-atollic-eabi/6.3.1/../../../../arm-atollic-eabi/lib/armv7-m\libc_nano.a
LOAD c:/program files (x86)/atollic/truestudio for stm32 9.0.1/armtools/bin/../lib/gcc/arm-atollic-eabi/6.3.1/../../../../arm-atollic-eabi/lib/armv7-m\libm.a
END GROUP
START GROUP
LOAD c:/program files (x86)/atollic/truestudio for stm32 9.0.1/armtools/bin/../lib/gcc/arm-atollic-eabi/6.3.1/armv7-m\libgcc.a
LOAD c:/program files (x86)/atollic/truestudio for stm32 9.0.1/armtools/bin/../lib/gcc/arm-atollic-eabi/6.3.1/../../../../arm-atollic-eabi/lib/armv7-m\libc_nano.a
END GROUP
START GROUP
LOAD c:/program files (x86)/atollic/truestudio for stm32 9.0.1/armtools/bin/../lib/gcc/arm-atollic-eabi/6.3.1/armv7-m\libgcc.a
LOAD c:/program files (x86)/atollic/truestudio for stm32 9.0.1/armtools/bin/../lib/gcc/arm-atollic-eabi/6.3.1/../../../../arm-atollic-eabi/lib/armv7-m\libc_nano.a
LOAD c:/program files (x86)/atollic/truestudio for stm32 9.0.1/armtools/bin/../lib/gcc/arm-atollic-eabi/6.3.1/../../../../arm-atollic-eabi/lib/armv7-m\libnosys.a
END GROUP
START GROUP
LOAD c:/program files (x86)/atollic/truestudio for stm32 9.0.1/armtools/bin/../lib/gcc/arm-atollic-eabi/6.3.1/armv7-m\libgcc.a
LOAD c:/program files (x86)/atollic/truestudio for stm32 9.0.1/armtools/bin/../lib/gcc/arm-atollic-eabi/6.3.1/../../../../arm-atollic-eabi/lib/armv7-m\libc_nano.a
LOAD c:/program files (x86)/atollic/truestudio for stm32 9.0.1/armtools/bin/../lib/gcc/arm-atollic-eabi/6.3.1/../../../../arm-atollic-eabi/lib/armv7-m\libnosys.a
END GROUP
LOAD c:/program files (x86)/atollic/truestudio for stm32 9.0.1/armtools/bin/../lib/gcc/arm-atollic-eabi/6.3.1/armv7-m/crtend.o
LOAD c:/program files (x86)/atollic/truestudio for stm32 9.0.1/armtools/bin/../lib/gcc/arm-atollic-eabi/6.3.1/armv7-m/crtn.o
                0x20005000                _estack = 0x20005000
                0x00000200                _Min_Heap_Size = 0x200
                0x00000400                _Min_Stack_Size = 0x400

.isr_vector     0x08000000      0x10c
                0x08000000                . = ALIGN (0x4)
 *(.isr_vector)
 .isr_vector    0x08000000      0x10c startup\startup_stm32f103xb.o
                0x08000000                g_pfnVectors
                0x0800010c                . = ALIGN (0x4)

.text           0x0800010c     0x27ac
                0x0800010c                . = ALIGN (0x4)
 *(.text)
 .text          0x0800010c       0x40 c:/program files (x86)/atollic/truestudio for stm32 9.0.1/armtools/bin/../lib/gcc/arm-atollic-eabi/6.3.1/armv7-m/crtbegin.o
 *(.text*)
 .text._draw_circle_8
                0x0800014c       0x9c App\gui.o
 .text.GUI_Fill
                0x080001e8       0x4e App\gui.o
                0x080001e8                GUI_Fill
 .text.GUI_DrawLine
                0x08000236       0x96 App\gui.o
                0x08000236                GUI_DrawLine
 .text.GUI_DrawRectangle
                0x080002cc       0x48 App\gui.o
                0x080002cc                GUI_DrawRectangle
 .text.GUI_FillRectangle
                0x08000314        0xe App\gui.o
                0x08000314                GUI_FillRectangle
 .text.GUI_DrawCircle
                0x08000322       0x54 App\gui.o
                0x08000322                GUI_DrawCircle
 .text.GUI_FillCircle
                0x08000376       0x5c App\gui.o
                0x08000376                GUI_FillCircle
 .text.GUI_DrawTriangel
                0x080003d2       0x40 App\gui.o
                0x080003d2                GUI_DrawTriangel
 .text.GUI_FillTriangel
                0x08000412      0x198 App\gui.o
                0x08000412                GUI_FillTriangel
 *fill*         0x080005aa        0x2 
 .text.GUI_ShowChar
                0x080005ac       0xe4 App\gui.o
                0x080005ac                GUI_ShowChar
 .text.GUI_ShowString
                0x08000690       0x52 App\gui.o
                0x08000690                GUI_ShowString
 .text.GUI_ShowNum
                0x080006e2       0x96 App\gui.o
                0x080006e2                GUI_ShowNum
 .text.GUI_ShowFont16
                0x08000778       0x90 App\gui.o
                0x08000778                GUI_ShowFont16
 .text.GUI_ShowFont24
                0x08000808       0x9c App\gui.o
                0x08000808                GUI_ShowFont24
 .text.GUI_ShowFont32
                0x080008a4       0x94 App\gui.o
                0x080008a4                GUI_ShowFont32
 .text.GUI_ShowCHinese
                0x08000938       0x62 App\gui.o
                0x08000938                GUI_ShowCHinese
 .text.GUI_DrawBMP
                0x0800099a       0x8a App\gui.o
                0x0800099a                GUI_DrawBMP
 .text.TEST_MainPage
                0x08000a24       0x64 App\test.o
                0x08000a24                TEST_MainPage
 .text.Test_Color
                0x08000a88       0x4c App\test.o
                0x08000a88                Test_Color
 .text.Test_Rectangular
                0x08000ad4       0x70 App\test.o
                0x08000ad4                Test_Rectangular
 .text.Test_Circle
                0x08000b44       0x68 App\test.o
                0x08000b44                Test_Circle
 .text.Test_Triangle
                0x08000bac       0x86 App\test.o
                0x08000bac                Test_Triangle
 *fill*         0x08000c32        0x2 
 .text.TEST_English
                0x08000c34       0x64 App\test.o
                0x08000c34                TEST_English
 .text.TEST_Number_Character
                0x08000c98       0x84 App\test.o
                0x08000c98                TEST_Number_Character
 .text.TEST_Chinese
                0x08000d1c       0xa0 App\test.o
                0x08000d1c                TEST_Chinese
 .text.TEST_BMP
                0x08000dbc       0x64 App\test.o
                0x08000dbc                TEST_BMP
 .text.TEST_Menu1
                0x08000e20      0x2bc App\test.o
                0x08000e20                TEST_Menu1
 .text.TEST_Menu2
                0x080010dc      0x190 App\test.o
                0x080010dc                TEST_Menu2
 .text.OLED_WR_Byte
                0x0800126c       0x28 BSP\OLED\oled.o
                0x0800126c                OLED_WR_Byte
 .text.OLED_Set_Pixel
                0x08001294       0x2c BSP\OLED\oled.o
                0x08001294                OLED_Set_Pixel
 .text.OLED_Display
                0x080012c0       0x44 BSP\OLED\oled.o
                0x080012c0                OLED_Display
 .text.OLED_Clear
                0x08001304       0x28 BSP\OLED\oled.o
                0x08001304                OLED_Clear
 .text.OLED_Init
                0x0800132c       0xdc BSP\OLED\oled.o
                0x0800132c                OLED_Init
 .text.HAL_InitTick
                0x08001408       0x48 Drivers\STM32F1xx_HAL_Driver\Src\stm32f1xx_hal.o
                0x08001408                HAL_InitTick
 .text.HAL_Init
                0x08001450       0x24 Drivers\STM32F1xx_HAL_Driver\Src\stm32f1xx_hal.o
                0x08001450                HAL_Init
 .text.HAL_IncTick
                0x08001474       0x18 Drivers\STM32F1xx_HAL_Driver\Src\stm32f1xx_hal.o
                0x08001474                HAL_IncTick
 .text.HAL_GetTick
                0x0800148c        0xc Drivers\STM32F1xx_HAL_Driver\Src\stm32f1xx_hal.o
                0x0800148c                HAL_GetTick
 .text.HAL_Delay
                0x08001498       0x24 Drivers\STM32F1xx_HAL_Driver\Src\stm32f1xx_hal.o
                0x08001498                HAL_Delay
 .text.HAL_NVIC_SetPriorityGrouping
                0x080014bc       0x24 Drivers\STM32F1xx_HAL_Driver\Src\stm32f1xx_hal_cortex.o
                0x080014bc                HAL_NVIC_SetPriorityGrouping
 .text.HAL_NVIC_SetPriority
                0x080014e0       0x68 Drivers\STM32F1xx_HAL_Driver\Src\stm32f1xx_hal_cortex.o
                0x080014e0                HAL_NVIC_SetPriority
 .text.HAL_SYSTICK_Config
                0x08001548       0x2c Drivers\STM32F1xx_HAL_Driver\Src\stm32f1xx_hal_cortex.o
                0x08001548                HAL_SYSTICK_Config
 .text.HAL_GPIO_Init
                0x08001574      0x1c0 Drivers\STM32F1xx_HAL_Driver\Src\stm32f1xx_hal_gpio.o
                0x08001574                HAL_GPIO_Init
 .text.HAL_GPIO_WritePin
                0x08001734        0xa Drivers\STM32F1xx_HAL_Driver\Src\stm32f1xx_hal_gpio.o
                0x08001734                HAL_GPIO_WritePin
 .text.I2C_IsAcknowledgeFailed
                0x0800173e       0x2a Drivers\STM32F1xx_HAL_Driver\Src\stm32f1xx_hal_i2c.o
 .text.I2C_WaitOnMasterAddressFlagUntilTimeout
                0x08001768       0x80 Drivers\STM32F1xx_HAL_Driver\Src\stm32f1xx_hal_i2c.o
 .text.I2C_WaitOnFlagUntilTimeout
                0x080017e8       0x5c Drivers\STM32F1xx_HAL_Driver\Src\stm32f1xx_hal_i2c.o
 .text.I2C_WaitOnTXEFlagUntilTimeout
                0x08001844       0x4c Drivers\STM32F1xx_HAL_Driver\Src\stm32f1xx_hal_i2c.o
 .text.I2C_WaitOnBTFFlagUntilTimeout
                0x08001890       0x4c Drivers\STM32F1xx_HAL_Driver\Src\stm32f1xx_hal_i2c.o
 .text.HAL_I2C_Init
                0x080018dc      0x100 Drivers\STM32F1xx_HAL_Driver\Src\stm32f1xx_hal_i2c.o
                0x080018dc                HAL_I2C_Init
 .text.HAL_I2C_Master_Transmit
                0x080019dc      0x1ac Drivers\STM32F1xx_HAL_Driver\Src\stm32f1xx_hal_i2c.o
                0x080019dc                HAL_I2C_Master_Transmit
 .text.HAL_RCC_OscConfig
                0x08001b88      0x318 Drivers\STM32F1xx_HAL_Driver\Src\stm32f1xx_hal_rcc.o
                0x08001b88                HAL_RCC_OscConfig
 .text.HAL_RCC_GetSysClockFreq
                0x08001ea0       0x78 Drivers\STM32F1xx_HAL_Driver\Src\stm32f1xx_hal_rcc.o
                0x08001ea0                HAL_RCC_GetSysClockFreq
 .text.HAL_RCC_ClockConfig
                0x08001f18      0x164 Drivers\STM32F1xx_HAL_Driver\Src\stm32f1xx_hal_rcc.o
                0x08001f18                HAL_RCC_ClockConfig
 .text.HAL_RCC_GetPCLK1Freq
                0x0800207c       0x20 Drivers\STM32F1xx_HAL_Driver\Src\stm32f1xx_hal_rcc.o
                0x0800207c                HAL_RCC_GetPCLK1Freq
 .text.HAL_RCC_GetPCLK2Freq
                0x0800209c       0x20 Drivers\STM32F1xx_HAL_Driver\Src\stm32f1xx_hal_rcc.o
                0x0800209c                HAL_RCC_GetPCLK2Freq
 .text.UART_SetConfig
                0x080020bc      0x13c Drivers\STM32F1xx_HAL_Driver\Src\stm32f1xx_hal_uart.o
 .text.HAL_UART_Init
                0x080021f8       0x5c Drivers\STM32F1xx_HAL_Driver\Src\stm32f1xx_hal_uart.o
                0x080021f8                HAL_UART_Init
 .text.MX_GPIO_Init
                0x08002254       0xb8 Src\gpio.o
                0x08002254                MX_GPIO_Init
 .text.MX_I2C2_Init
                0x0800230c       0x40 Src\i2c.o
                0x0800230c                MX_I2C2_Init
 .text.HAL_I2C_MspInit
                0x0800234c       0x64 Src\i2c.o
                0x0800234c                HAL_I2C_MspInit
 .text.SystemClock_Config
                0x080023b0       0x44 Src\main.o
                0x080023b0                SystemClock_Config
 .text.startup.main
                0x080023f4       0xbc Src\main.o
                0x080023f4                main
 .text.Error_Handler
                0x080024b0        0x2 Src\main.o
                0x080024b0                Error_Handler
 *fill*         0x080024b2        0x2 
 .text.HAL_MspInit
                0x080024b4       0x44 Src\stm32f1xx_hal_msp.o
                0x080024b4                HAL_MspInit
 .text.NMI_Handler
                0x080024f8        0x2 Src\stm32f1xx_it.o
                0x080024f8                NMI_Handler
 .text.HardFault_Handler
                0x080024fa        0x2 Src\stm32f1xx_it.o
                0x080024fa                HardFault_Handler
 .text.MemManage_Handler
                0x080024fc        0x2 Src\stm32f1xx_it.o
                0x080024fc                MemManage_Handler
 .text.BusFault_Handler
                0x080024fe        0x2 Src\stm32f1xx_it.o
                0x080024fe                BusFault_Handler
 .text.UsageFault_Handler
                0x08002500        0x2 Src\stm32f1xx_it.o
                0x08002500                UsageFault_Handler
 .text.SVC_Handler
                0x08002502        0x2 Src\stm32f1xx_it.o
                0x08002502                SVC_Handler
 .text.DebugMon_Handler
                0x08002504        0x2 Src\stm32f1xx_it.o
                0x08002504                DebugMon_Handler
 .text.PendSV_Handler
                0x08002506        0x2 Src\stm32f1xx_it.o
                0x08002506                PendSV_Handler
 .text.SysTick_Handler
                0x08002508        0x4 Src\stm32f1xx_it.o
                0x08002508                SysTick_Handler
 .text._sbrk    0x0800250c       0x34 Src\syscalls.o
                0x0800250c                _sbrk
 .text.SystemInit
                0x08002540       0x4c Src\system_stm32f1xx.o
                0x08002540                SystemInit
 .text.MX_USART1_UART_Init
                0x0800258c       0x38 Src\usart.o
                0x0800258c                MX_USART1_UART_Init
 .text.HAL_UART_MspInit
                0x080025c4       0x78 Src\usart.o
                0x080025c4                HAL_UART_MspInit
 .text.Reset_Handler
                0x0800263c       0x48 startup\startup_stm32f103xb.o
                0x0800263c                Reset_Handler
 .text.Default_Handler
                0x08002684        0x2 startup\startup_stm32f103xb.o
                0x08002684                RTC_Alarm_IRQHandler
                0x08002684                EXTI2_IRQHandler
                0x08002684                TIM1_CC_IRQHandler
                0x08002684                PVD_IRQHandler
                0x08002684                EXTI3_IRQHandler
                0x08002684                EXTI0_IRQHandler
                0x08002684                I2C2_EV_IRQHandler
                0x08002684                ADC1_2_IRQHandler
                0x08002684                SPI1_IRQHandler
                0x08002684                TAMPER_IRQHandler
                0x08002684                DMA1_Channel4_IRQHandler
                0x08002684                USART3_IRQHandler
                0x08002684                RTC_IRQHandler
                0x08002684                DMA1_Channel7_IRQHandler
                0x08002684                CAN1_RX1_IRQHandler
                0x08002684                TIM4_IRQHandler
                0x08002684                I2C1_EV_IRQHandler
                0x08002684                DMA1_Channel6_IRQHandler
                0x08002684                TIM3_IRQHandler
                0x08002684                RCC_IRQHandler
                0x08002684                TIM1_TRG_COM_IRQHandler
                0x08002684                DMA1_Channel1_IRQHandler
                0x08002684                Default_Handler
                0x08002684                EXTI15_10_IRQHandler
                0x08002684                EXTI9_5_IRQHandler
                0x08002684                SPI2_IRQHandler
                0x08002684                DMA1_Channel5_IRQHandler
                0x08002684                EXTI4_IRQHandler
                0x08002684                USB_LP_CAN1_RX0_IRQHandler
                0x08002684                USB_HP_CAN1_TX_IRQHandler
                0x08002684                DMA1_Channel3_IRQHandler
                0x08002684                TIM1_UP_IRQHandler
                0x08002684                WWDG_IRQHandler
                0x08002684                TIM2_IRQHandler
                0x08002684                TIM1_BRK_IRQHandler
                0x08002684                EXTI1_IRQHandler
                0x08002684                USART2_IRQHandler
                0x08002684                I2C2_ER_IRQHandler
                0x08002684                DMA1_Channel2_IRQHandler
                0x08002684                CAN1_SCE_IRQHandler
                0x08002684                FLASH_IRQHandler
                0x08002684                USART1_IRQHandler
                0x08002684                I2C1_ER_IRQHandler
                0x08002684                USBWakeUp_IRQHandler
 *fill*         0x08002686        0x2 
 .text.__errno  0x08002688        0xc c:/program files (x86)/atollic/truestudio for stm32 9.0.1/armtools/bin/../lib/gcc/arm-atollic-eabi/6.3.1/../../../../arm-atollic-eabi/lib/armv7-m\libc_nano.a(lib_a-errno.o)
                0x08002688                __errno
 .text.__libc_init_array
                0x08002694       0x48 c:/program files (x86)/atollic/truestudio for stm32 9.0.1/armtools/bin/../lib/gcc/arm-atollic-eabi/6.3.1/../../../../arm-atollic-eabi/lib/armv7-m\libc_nano.a(lib_a-init.o)
                0x08002694                __libc_init_array
 .text.memset   0x080026dc       0x10 c:/program files (x86)/atollic/truestudio for stm32 9.0.1/armtools/bin/../lib/gcc/arm-atollic-eabi/6.3.1/../../../../arm-atollic-eabi/lib/armv7-m\libc_nano.a(lib_a-memset.o)
                0x080026dc                memset
 .text.srand    0x080026ec       0x50 c:/program files (x86)/atollic/truestudio for stm32 9.0.1/armtools/bin/../lib/gcc/arm-atollic-eabi/6.3.1/../../../../arm-atollic-eabi/lib/armv7-m\libc_nano.a(lib_a-rand.o)
                0x080026ec                srand
 .text.rand     0x0800273c       0x74 c:/program files (x86)/atollic/truestudio for stm32 9.0.1/armtools/bin/../lib/gcc/arm-atollic-eabi/6.3.1/../../../../arm-atollic-eabi/lib/armv7-m\libc_nano.a(lib_a-rand.o)
                0x0800273c                rand
 .text.malloc   0x080027b0       0x10 c:/program files (x86)/atollic/truestudio for stm32 9.0.1/armtools/bin/../lib/gcc/arm-atollic-eabi/6.3.1/../../../../arm-atollic-eabi/lib/armv7-m\libc_nano.a(lib_a-malloc.o)
                0x080027b0                malloc
 .text._malloc_r
                0x080027c0       0xbc c:/program files (x86)/atollic/truestudio for stm32 9.0.1/armtools/bin/../lib/gcc/arm-atollic-eabi/6.3.1/../../../../arm-atollic-eabi/lib/armv7-m\libc_nano.a(lib_a-nano-mallocr.o)
                0x080027c0                _malloc_r
 .text._sbrk_r  0x0800287c       0x20 c:/program files (x86)/atollic/truestudio for stm32 9.0.1/armtools/bin/../lib/gcc/arm-atollic-eabi/6.3.1/../../../../arm-atollic-eabi/lib/armv7-m\libc_nano.a(lib_a-sbrkr.o)
                0x0800287c                _sbrk_r
 .text.__malloc_lock
                0x0800289c        0x2 c:/program files (x86)/atollic/truestudio for stm32 9.0.1/armtools/bin/../lib/gcc/arm-atollic-eabi/6.3.1/../../../../arm-atollic-eabi/lib/armv7-m\libc_nano.a(lib_a-mlock.o)
                0x0800289c                __malloc_lock
 .text.__malloc_unlock
                0x0800289e        0x2 c:/program files (x86)/atollic/truestudio for stm32 9.0.1/armtools/bin/../lib/gcc/arm-atollic-eabi/6.3.1/../../../../arm-atollic-eabi/lib/armv7-m\libc_nano.a(lib_a-mlock.o)
                0x0800289e                __malloc_unlock
 *(.glue_7)
 .glue_7        0x080028a0        0x0 linker stubs
 *(.glue_7t)
 .glue_7t       0x080028a0        0x0 linker stubs
 *(.eh_frame)
 .eh_frame      0x080028a0        0x0 c:/program files (x86)/atollic/truestudio for stm32 9.0.1/armtools/bin/../lib/gcc/arm-atollic-eabi/6.3.1/armv7-m/crtbegin.o
 *(.init)
 .init          0x080028a0        0x4 c:/program files (x86)/atollic/truestudio for stm32 9.0.1/armtools/bin/../lib/gcc/arm-atollic-eabi/6.3.1/armv7-m/crti.o
                0x080028a0                _init
 .init          0x080028a4        0x8 c:/program files (x86)/atollic/truestudio for stm32 9.0.1/armtools/bin/../lib/gcc/arm-atollic-eabi/6.3.1/armv7-m/crtn.o
 *(.fini)
 .fini          0x080028ac        0x4 c:/program files (x86)/atollic/truestudio for stm32 9.0.1/armtools/bin/../lib/gcc/arm-atollic-eabi/6.3.1/armv7-m/crti.o
                0x080028ac                _fini
 .fini          0x080028b0        0x8 c:/program files (x86)/atollic/truestudio for stm32 9.0.1/armtools/bin/../lib/gcc/arm-atollic-eabi/6.3.1/armv7-m/crtn.o
                0x080028b8                . = ALIGN (0x4)
                0x080028b8                _etext = .

.vfp11_veneer   0x080028b8        0x0
 .vfp11_veneer  0x080028b8        0x0 linker stubs

.v4_bx          0x080028b8        0x0
 .v4_bx         0x080028b8        0x0 linker stubs

.iplt           0x080028b8        0x0
 .iplt          0x080028b8        0x0 c:/program files (x86)/atollic/truestudio for stm32 9.0.1/armtools/bin/../lib/gcc/arm-atollic-eabi/6.3.1/armv7-m/crtbegin.o

.rodata         0x080028b8     0x1180
                0x080028b8                . = ALIGN (0x4)
 *(.rodata)
 .rodata        0x080028b8       0x10 Drivers\STM32F1xx_HAL_Driver\Src\stm32f1xx_hal_rcc.o
 *(.rodata*)
 .rodata.F6x8   0x080028c8      0x2f8 App\gui.o
                0x080028c8                F6x8
 .rodata.F8X16  0x08002bc0      0x5f0 App\gui.o
                0x08002bc0                F8X16
 .rodata.cfont16
                0x080031b0      0x220 App\gui.o
                0x080031b0                cfont16
 .rodata.cfont24
                0x080033d0      0x1bc App\gui.o
                0x080033d0                cfont24
 .rodata.cfont32
                0x0800358c      0x30c App\gui.o
                0x0800358c                cfont32
 .rodata.TEST_Chinese.str1.1
                0x08003898       0x28 App\test.o
 .rodata.TEST_English.str1.1
                0x080038c0       0x7e App\test.o
 .rodata.TEST_MainPage.str1.1
                0x0800393e       0x2d App\test.o
 .rodata.TEST_Menu1.str1.1
                0x0800396b       0x2d App\test.o
 .rodata.TEST_Menu2.str1.1
                0x08003998       0x35 App\test.o
 .rodata.TEST_Number_Character.str1.1
                0x080039cd       0x4b App\test.o
 .rodata.Test_Color.str1.1
                0x08003a18        0x6 App\test.o
 .rodata.AHBPrescTable
                0x08003a1e       0x10 Src\system_stm32f1xx.o
                0x08003a1e                AHBPrescTable
 .rodata.APBPrescTable
                0x08003a2e        0x8 Src\system_stm32f1xx.o
                0x08003a2e                APBPrescTable
                0x08003a38                . = ALIGN (0x4)
 *fill*         0x08003a36        0x2 

.rel.dyn        0x08003a38        0x0
 .rel.iplt      0x08003a38        0x0 c:/program files (x86)/atollic/truestudio for stm32 9.0.1/armtools/bin/../lib/gcc/arm-atollic-eabi/6.3.1/armv7-m/crtbegin.o

.ARM.extab
 *(.ARM.extab* .gnu.linkonce.armextab.*)

.ARM            0x08003a38        0x0
                0x08003a38                __exidx_start = .
 *(.ARM.exidx*)
                0x08003a38                __exidx_end = .

.preinit_array  0x08003a38        0x0
                0x08003a38                PROVIDE (__preinit_array_start, .)
 *(.preinit_array*)
                0x08003a38                PROVIDE (__preinit_array_end, .)

.init_array     0x08003a38        0x4
                0x08003a38                PROVIDE (__init_array_start, .)
 *(SORT(.init_array.*))
 *(.init_array*)
 .init_array    0x08003a38        0x4 c:/program files (x86)/atollic/truestudio for stm32 9.0.1/armtools/bin/../lib/gcc/arm-atollic-eabi/6.3.1/armv7-m/crtbegin.o
                0x08003a3c                PROVIDE (__init_array_end, .)

.fini_array     0x08003a3c        0x4
                [!provide]                PROVIDE (__fini_array_start, .)
 *(SORT(.fini_array.*))
 *(.fini_array*)
 .fini_array    0x08003a3c        0x4 c:/program files (x86)/atollic/truestudio for stm32 9.0.1/armtools/bin/../lib/gcc/arm-atollic-eabi/6.3.1/armv7-m/crtbegin.o
                [!provide]                PROVIDE (__fini_array_end, .)
                0x08003a40                _sidata = LOADADDR (.data)

.data           0x20000000      0xd50 load address 0x08003a40
                0x20000000                . = ALIGN (0x4)
                0x20000000                _sdata = .
 *(.data)
 *(.data*)
 .data.BMP2     0x20000000      0x400 App\test.o
                0x20000000                BMP2
 .data.BMP3     0x20000400      0x400 App\test.o
                0x20000400                BMP3
 .data.BMP4     0x20000800      0x400 App\test.o
                0x20000800                BMP4
 .data.BMP5     0x20000c00       0xe0 App\test.o
                0x20000c00                BMP5
 .data.uwTickFreq
                0x20000ce0        0x1 Drivers\STM32F1xx_HAL_Driver\Src\stm32f1xx_hal.o
                0x20000ce0                uwTickFreq
 *fill*         0x20000ce1        0x3 
 .data.uwTickPrio
                0x20000ce4        0x4 Drivers\STM32F1xx_HAL_Driver\Src\stm32f1xx_hal.o
                0x20000ce4                uwTickPrio
 .data.SystemCoreClock
                0x20000ce8        0x4 Src\system_stm32f1xx.o
                0x20000ce8                SystemCoreClock
 .data._impure_ptr
                0x20000cec        0x4 c:/program files (x86)/atollic/truestudio for stm32 9.0.1/armtools/bin/../lib/gcc/arm-atollic-eabi/6.3.1/../../../../arm-atollic-eabi/lib/armv7-m\libc_nano.a(lib_a-impure.o)
                0x20000cec                _impure_ptr
 .data.impure_data
                0x20000cf0       0x60 c:/program files (x86)/atollic/truestudio for stm32 9.0.1/armtools/bin/../lib/gcc/arm-atollic-eabi/6.3.1/../../../../arm-atollic-eabi/lib/armv7-m\libc_nano.a(lib_a-impure.o)
                0x20000d50                . = ALIGN (0x4)
                0x20000d50                _edata = .

.igot.plt       0x20000d50        0x0 load address 0x08004790
 .igot.plt      0x20000d50        0x0 c:/program files (x86)/atollic/truestudio for stm32 9.0.1/armtools/bin/../lib/gcc/arm-atollic-eabi/6.3.1/armv7-m/crtbegin.o
                0x20000d50                . = ALIGN (0x4)

.bss            0x20000d50      0x4c4 load address 0x08004790
                0x20000d50                _sbss = .
                0x20000d50                __bss_start__ = _sbss
 *(.bss)
 .bss           0x20000d50       0x1c c:/program files (x86)/atollic/truestudio for stm32 9.0.1/armtools/bin/../lib/gcc/arm-atollic-eabi/6.3.1/armv7-m/crtbegin.o
 *(.bss*)
 .bss.OLED_buffer
                0x20000d6c      0x400 BSP\OLED\oled.o
 .bss.heap_end.5887
                0x2000116c        0x4 Src\syscalls.o
 .bss.__malloc_free_list
                0x20001170        0x4 c:/program files (x86)/atollic/truestudio for stm32 9.0.1/armtools/bin/../lib/gcc/arm-atollic-eabi/6.3.1/../../../../arm-atollic-eabi/lib/armv7-m\libc_nano.a(lib_a-nano-mallocr.o)
                0x20001170                __malloc_free_list
 .bss.__malloc_sbrk_start
                0x20001174        0x4 c:/program files (x86)/atollic/truestudio for stm32 9.0.1/armtools/bin/../lib/gcc/arm-atollic-eabi/6.3.1/../../../../arm-atollic-eabi/lib/armv7-m\libc_nano.a(lib_a-nano-mallocr.o)
                0x20001174                __malloc_sbrk_start
 *(COMMON)
 COMMON         0x20001178        0x4 Drivers\STM32F1xx_HAL_Driver\Src\stm32f1xx_hal.o
                0x20001178                uwTick
 COMMON         0x2000117c       0x54 Src\i2c.o
                0x2000117c                hi2c2
 COMMON         0x200011d0       0x40 Src\usart.o
                0x200011d0                huart1
 COMMON         0x20001210        0x4 c:/program files (x86)/atollic/truestudio for stm32 9.0.1/armtools/bin/../lib/gcc/arm-atollic-eabi/6.3.1/../../../../arm-atollic-eabi/lib/armv7-m\libc_nano.a(lib_a-reent.o)
                0x20001210                errno
                0x20001214                . = ALIGN (0x4)
                0x20001214                _ebss = .
                0x20001214                __bss_end__ = _ebss

._user_heap_stack
                0x20001214      0x600 load address 0x08004790
                0x20001214                . = ALIGN (0x4)
                0x20001214                PROVIDE (end, .)
                [!provide]                PROVIDE (_end, .)
                0x20001414                . = (. + _Min_Heap_Size)
 *fill*         0x20001214      0x200 
                0x20001814                . = (. + _Min_Stack_Size)
 *fill*         0x20001414      0x400 
                0x20001814                . = ALIGN (0x4)

/DISCARD/
 libc.a(*)
 libm.a(*)
 libgcc.a(*)

.ARM.attributes
                0x00000000       0x29
 *(.ARM.attributes)
 .ARM.attributes
                0x00000000       0x1d c:/program files (x86)/atollic/truestudio for stm32 9.0.1/armtools/bin/../lib/gcc/arm-atollic-eabi/6.3.1/armv7-m/crti.o
 .ARM.attributes
                0x0000001d       0x2d c:/program files (x86)/atollic/truestudio for stm32 9.0.1/armtools/bin/../lib/gcc/arm-atollic-eabi/6.3.1/armv7-m/crtbegin.o
 .ARM.attributes
                0x0000004a       0x33 App\gui.o
 .ARM.attributes
                0x0000007d       0x33 App\test.o
 .ARM.attributes
                0x000000b0       0x33 BSP\OLED\oled.o
 .ARM.attributes
                0x000000e3       0x33 Drivers\STM32F1xx_HAL_Driver\Src\stm32f1xx_hal.o
 .ARM.attributes
                0x00000116       0x33 Drivers\STM32F1xx_HAL_Driver\Src\stm32f1xx_hal_cortex.o
 .ARM.attributes
                0x00000149       0x33 Drivers\STM32F1xx_HAL_Driver\Src\stm32f1xx_hal_gpio.o
 .ARM.attributes
                0x0000017c       0x33 Drivers\STM32F1xx_HAL_Driver\Src\stm32f1xx_hal_i2c.o
 .ARM.attributes
                0x000001af       0x33 Drivers\STM32F1xx_HAL_Driver\Src\stm32f1xx_hal_rcc.o
 .ARM.attributes
                0x000001e2       0x33 Drivers\STM32F1xx_HAL_Driver\Src\stm32f1xx_hal_uart.o
 .ARM.attributes
                0x00000215       0x33 Src\gpio.o
 .ARM.attributes
                0x00000248       0x33 Src\i2c.o
 .ARM.attributes
                0x0000027b       0x33 Src\main.o
 .ARM.attributes
                0x000002ae       0x33 Src\stm32f1xx_hal_msp.o
 .ARM.attributes
                0x000002e1       0x33 Src\stm32f1xx_it.o
 .ARM.attributes
                0x00000314       0x33 Src\syscalls.o
 .ARM.attributes
                0x00000347       0x33 Src\system_stm32f1xx.o
 .ARM.attributes
                0x0000037a       0x33 Src\usart.o
 .ARM.attributes
                0x000003ad       0x21 startup\startup_stm32f103xb.o
 .ARM.attributes
                0x000003ce       0x2d c:/program files (x86)/atollic/truestudio for stm32 9.0.1/armtools/bin/../lib/gcc/arm-atollic-eabi/6.3.1/../../../../arm-atollic-eabi/lib/armv7-m\libc_nano.a(lib_a-errno.o)
 .ARM.attributes
                0x000003fb       0x2d c:/program files (x86)/atollic/truestudio for stm32 9.0.1/armtools/bin/../lib/gcc/arm-atollic-eabi/6.3.1/../../../../arm-atollic-eabi/lib/armv7-m\libc_nano.a(lib_a-impure.o)
 .ARM.attributes
                0x00000428       0x2d c:/program files (x86)/atollic/truestudio for stm32 9.0.1/armtools/bin/../lib/gcc/arm-atollic-eabi/6.3.1/../../../../arm-atollic-eabi/lib/armv7-m\libc_nano.a(lib_a-init.o)
 .ARM.attributes
                0x00000455       0x2d c:/program files (x86)/atollic/truestudio for stm32 9.0.1/armtools/bin/../lib/gcc/arm-atollic-eabi/6.3.1/../../../../arm-atollic-eabi/lib/armv7-m\libc_nano.a(lib_a-memset.o)
 .ARM.attributes
                0x00000482       0x2d c:/program files (x86)/atollic/truestudio for stm32 9.0.1/armtools/bin/../lib/gcc/arm-atollic-eabi/6.3.1/../../../../arm-atollic-eabi/lib/armv7-m\libc_nano.a(lib_a-rand.o)
 .ARM.attributes
                0x000004af       0x2d c:/program files (x86)/atollic/truestudio for stm32 9.0.1/armtools/bin/../lib/gcc/arm-atollic-eabi/6.3.1/../../../../arm-atollic-eabi/lib/armv7-m\libc_nano.a(lib_a-malloc.o)
 .ARM.attributes
                0x000004dc       0x2d c:/program files (x86)/atollic/truestudio for stm32 9.0.1/armtools/bin/../lib/gcc/arm-atollic-eabi/6.3.1/../../../../arm-atollic-eabi/lib/armv7-m\libc_nano.a(lib_a-nano-mallocr.o)
 .ARM.attributes
                0x00000509       0x2d c:/program files (x86)/atollic/truestudio for stm32 9.0.1/armtools/bin/../lib/gcc/arm-atollic-eabi/6.3.1/../../../../arm-atollic-eabi/lib/armv7-m\libc_nano.a(lib_a-sbrkr.o)
 .ARM.attributes
                0x00000536       0x2d c:/program files (x86)/atollic/truestudio for stm32 9.0.1/armtools/bin/../lib/gcc/arm-atollic-eabi/6.3.1/../../../../arm-atollic-eabi/lib/armv7-m\libc_nano.a(lib_a-mlock.o)
 .ARM.attributes
                0x00000563       0x2d c:/program files (x86)/atollic/truestudio for stm32 9.0.1/armtools/bin/../lib/gcc/arm-atollic-eabi/6.3.1/../../../../arm-atollic-eabi/lib/armv7-m\libc_nano.a(lib_a-reent.o)
 .ARM.attributes
                0x00000590       0x1d c:/program files (x86)/atollic/truestudio for stm32 9.0.1/armtools/bin/../lib/gcc/arm-atollic-eabi/6.3.1/armv7-m/crtn.o
OUTPUT(SH1106_1.elf elf32-littlearm)

.debug_info     0x00000000    0x1621a
 .debug_info    0x00000000     0x1c1b App\gui.o
 .debug_info    0x00001c1b     0x2071 App\test.o
 .debug_info    0x00003c8c     0x1400 BSP\OLED\oled.o
 .debug_info    0x0000508c      0xfc8 Drivers\STM32F1xx_HAL_Driver\Src\stm32f1xx_hal.o
 .debug_info    0x00006054     0x14a9 Drivers\STM32F1xx_HAL_Driver\Src\stm32f1xx_hal_cortex.o
 .debug_info    0x000074fd      0xec2 Drivers\STM32F1xx_HAL_Driver\Src\stm32f1xx_hal_gpio.o
 .debug_info    0x000083bf     0x38ea Drivers\STM32F1xx_HAL_Driver\Src\stm32f1xx_hal_i2c.o
 .debug_info    0x0000bca9     0x123d Drivers\STM32F1xx_HAL_Driver\Src\stm32f1xx_hal_rcc.o
 .debug_info    0x0000cee6     0x1e46 Drivers\STM32F1xx_HAL_Driver\Src\stm32f1xx_hal_uart.o
 .debug_info    0x0000ed2c      0xc2b Src\gpio.o
 .debug_info    0x0000f957     0x10f2 Src\i2c.o
 .debug_info    0x00010a49     0x15e0 Src\main.o
 .debug_info    0x00012029      0xad2 Src\stm32f1xx_hal_msp.o
 .debug_info    0x00012afb      0xa10 Src\stm32f1xx_it.o
 .debug_info    0x0001350b      0xfe1 Src\syscalls.o
 .debug_info    0x000144ec      0xc4d Src\system_stm32f1xx.o
 .debug_info    0x00015139     0x107d Src\usart.o
 .debug_info    0x000161b6       0x64 startup\startup_stm32f103xb.o

.debug_abbrev   0x00000000     0x2d91
 .debug_abbrev  0x00000000      0x375 App\gui.o
 .debug_abbrev  0x00000375      0x252 App\test.o
 .debug_abbrev  0x000005c7      0x298 BSP\OLED\oled.o
 .debug_abbrev  0x0000085f      0x315 Drivers\STM32F1xx_HAL_Driver\Src\stm32f1xx_hal.o
 .debug_abbrev  0x00000b74      0x399 Drivers\STM32F1xx_HAL_Driver\Src\stm32f1xx_hal_cortex.o
 .debug_abbrev  0x00000f0d      0x268 Drivers\STM32F1xx_HAL_Driver\Src\stm32f1xx_hal_gpio.o
 .debug_abbrev  0x00001175      0x3c1 Drivers\STM32F1xx_HAL_Driver\Src\stm32f1xx_hal_i2c.o
 .debug_abbrev  0x00001536      0x367 Drivers\STM32F1xx_HAL_Driver\Src\stm32f1xx_hal_rcc.o
 .debug_abbrev  0x0000189d      0x364 Drivers\STM32F1xx_HAL_Driver\Src\stm32f1xx_hal_uart.o
 .debug_abbrev  0x00001c01      0x204 Src\gpio.o
 .debug_abbrev  0x00001e05      0x24d Src\i2c.o
 .debug_abbrev  0x00002052      0x267 Src\main.o
 .debug_abbrev  0x000022b9      0x1bc Src\stm32f1xx_hal_msp.o
 .debug_abbrev  0x00002475      0x1f9 Src\stm32f1xx_it.o
 .debug_abbrev  0x0000266e      0x2d9 Src\syscalls.o
 .debug_abbrev  0x00002947      0x1eb Src\system_stm32f1xx.o
 .debug_abbrev  0x00002b32      0x24d Src\usart.o
 .debug_abbrev  0x00002d7f       0x12 startup\startup_stm32f103xb.o

.debug_loc      0x00000000     0x6f41
 .debug_loc     0x00000000     0x1b3f App\gui.o
 .debug_loc     0x00001b3f       0x23 App\test.o
 .debug_loc     0x00001b62      0x165 BSP\OLED\oled.o
 .debug_loc     0x00001cc7      0x11b Drivers\STM32F1xx_HAL_Driver\Src\stm32f1xx_hal.o
 .debug_loc     0x00001de2      0x46b Drivers\STM32F1xx_HAL_Driver\Src\stm32f1xx_hal_cortex.o
 .debug_loc     0x0000224d      0x36a Drivers\STM32F1xx_HAL_Driver\Src\stm32f1xx_hal_gpio.o
 .debug_loc     0x000025b7     0x2bdf Drivers\STM32F1xx_HAL_Driver\Src\stm32f1xx_hal_i2c.o
 .debug_loc     0x00005196      0x4c3 Drivers\STM32F1xx_HAL_Driver\Src\stm32f1xx_hal_rcc.o
 .debug_loc     0x00005659     0x1311 Drivers\STM32F1xx_HAL_Driver\Src\stm32f1xx_hal_uart.o
 .debug_loc     0x0000696a       0x58 Src\i2c.o
 .debug_loc     0x000069c2       0x6b Src\main.o
 .debug_loc     0x00006a2d      0x3ef Src\syscalls.o
 .debug_loc     0x00006e1c       0xcd Src\system_stm32f1xx.o
 .debug_loc     0x00006ee9       0x58 Src\usart.o

.debug_aranges  0x00000000      0x8c8
 .debug_aranges
                0x00000000       0xa8 App\gui.o
 .debug_aranges
                0x000000a8       0x70 App\test.o
 .debug_aranges
                0x00000118       0x58 BSP\OLED\oled.o
 .debug_aranges
                0x00000170       0xc8 Drivers\STM32F1xx_HAL_Driver\Src\stm32f1xx_hal.o
 .debug_aranges
                0x00000238       0x90 Drivers\STM32F1xx_HAL_Driver\Src\stm32f1xx_hal_cortex.o
 .debug_aranges
                0x000002c8       0x58 Drivers\STM32F1xx_HAL_Driver\Src\stm32f1xx_hal_gpio.o
 .debug_aranges
                0x00000320      0x190 Drivers\STM32F1xx_HAL_Driver\Src\stm32f1xx_hal_i2c.o
 .debug_aranges
                0x000004b0       0x88 Drivers\STM32F1xx_HAL_Driver\Src\stm32f1xx_hal_rcc.o
 .debug_aranges
                0x00000538      0x170 Drivers\STM32F1xx_HAL_Driver\Src\stm32f1xx_hal_uart.o
 .debug_aranges
                0x000006a8       0x20 Src\gpio.o
 .debug_aranges
                0x000006c8       0x30 Src\i2c.o
 .debug_aranges
                0x000006f8       0x38 Src\main.o
 .debug_aranges
                0x00000730       0x20 Src\stm32f1xx_hal_msp.o
 .debug_aranges
                0x00000750       0x48 Src\stm32f1xx_it.o
 .debug_aranges
                0x00000798       0xb0 Src\syscalls.o
 .debug_aranges
                0x00000848       0x28 Src\system_stm32f1xx.o
 .debug_aranges
                0x00000870       0x30 Src\usart.o
 .debug_aranges
                0x000008a0       0x28 startup\startup_stm32f103xb.o

.debug_ranges   0x00000000      0xcd8
 .debug_ranges  0x00000000      0x110 App\gui.o
 .debug_ranges  0x00000110       0x60 App\test.o
 .debug_ranges  0x00000170       0x48 BSP\OLED\oled.o
 .debug_ranges  0x000001b8       0xb8 Drivers\STM32F1xx_HAL_Driver\Src\stm32f1xx_hal.o
 .debug_ranges  0x00000270      0x128 Drivers\STM32F1xx_HAL_Driver\Src\stm32f1xx_hal_cortex.o
 .debug_ranges  0x00000398       0x60 Drivers\STM32F1xx_HAL_Driver\Src\stm32f1xx_hal_gpio.o
 .debug_ranges  0x000003f8      0x438 Drivers\STM32F1xx_HAL_Driver\Src\stm32f1xx_hal_i2c.o
 .debug_ranges  0x00000830       0xa0 Drivers\STM32F1xx_HAL_Driver\Src\stm32f1xx_hal_rcc.o
 .debug_ranges  0x000008d0      0x190 Drivers\STM32F1xx_HAL_Driver\Src\stm32f1xx_hal_uart.o
 .debug_ranges  0x00000a60       0x68 Src\gpio.o
 .debug_ranges  0x00000ac8       0x40 Src\i2c.o
 .debug_ranges  0x00000b08       0x28 Src\main.o
 .debug_ranges  0x00000b30       0x58 Src\stm32f1xx_hal_msp.o
 .debug_ranges  0x00000b88       0x38 Src\stm32f1xx_it.o
 .debug_ranges  0x00000bc0       0xa0 Src\syscalls.o
 .debug_ranges  0x00000c60       0x18 Src\system_stm32f1xx.o
 .debug_ranges  0x00000c78       0x40 Src\usart.o
 .debug_ranges  0x00000cb8       0x20 startup\startup_stm32f103xb.o

.debug_line     0x00000000     0x61f8
 .debug_line    0x00000000      0x5d9 App\gui.o
 .debug_line    0x000005d9      0x48b App\test.o
 .debug_line    0x00000a64      0x427 BSP\OLED\oled.o
 .debug_line    0x00000e8b      0x45f Drivers\STM32F1xx_HAL_Driver\Src\stm32f1xx_hal.o
 .debug_line    0x000012ea      0x469 Drivers\STM32F1xx_HAL_Driver\Src\stm32f1xx_hal_cortex.o
 .debug_line    0x00001753      0x45e Drivers\STM32F1xx_HAL_Driver\Src\stm32f1xx_hal_gpio.o
 .debug_line    0x00001bb1     0x1a8b Drivers\STM32F1xx_HAL_Driver\Src\stm32f1xx_hal_i2c.o
 .debug_line    0x0000363c      0x639 Drivers\STM32F1xx_HAL_Driver\Src\stm32f1xx_hal_rcc.o
 .debug_line    0x00003c75      0xc45 Drivers\STM32F1xx_HAL_Driver\Src\stm32f1xx_hal_uart.o
 .debug_line    0x000048ba      0x2b3 Src\gpio.o
 .debug_line    0x00004b6d      0x32b Src\i2c.o
 .debug_line    0x00004e98      0x3f3 Src\main.o
 .debug_line    0x0000528b      0x283 Src\stm32f1xx_hal_msp.o
 .debug_line    0x0000550e      0x2b4 Src\stm32f1xx_it.o
 .debug_line    0x000057c2      0x3c0 Src\syscalls.o
 .debug_line    0x00005b82      0x2bf Src\system_stm32f1xx.o
 .debug_line    0x00005e41      0x33a Src\usart.o
 .debug_line    0x0000617b       0x7d startup\startup_stm32f103xb.o

.debug_str      0x00000000     0x2db6
 .debug_str     0x00000000      0x72a App\gui.o
                                0x7ee (size before relaxing)
 .debug_str     0x0000072a      0x197 App\test.o
                                0x7f8 (size before relaxing)
 .debug_str     0x000008c1      0x48b BSP\OLED\oled.o
                                0xb9c (size before relaxing)
 .debug_str     0x00000d4c      0x5cc Drivers\STM32F1xx_HAL_Driver\Src\stm32f1xx_hal.o
                                0xc5a (size before relaxing)
 .debug_str     0x00001318      0x2e1 Drivers\STM32F1xx_HAL_Driver\Src\stm32f1xx_hal_cortex.o
                                0xd82 (size before relaxing)
 .debug_str     0x000015f9      0x1c0 Drivers\STM32F1xx_HAL_Driver\Src\stm32f1xx_hal_gpio.o
                                0x8ef (size before relaxing)
 .debug_str     0x000017b9      0x81f Drivers\STM32F1xx_HAL_Driver\Src\stm32f1xx_hal_i2c.o
                               0x1385 (size before relaxing)
 .debug_str     0x00001fd8      0x2ff Drivers\STM32F1xx_HAL_Driver\Src\stm32f1xx_hal_rcc.o
                                0xacd (size before relaxing)
 .debug_str     0x000022d7      0x6cd Drivers\STM32F1xx_HAL_Driver\Src\stm32f1xx_hal_uart.o
                               0x1037 (size before relaxing)
 .debug_str     0x000029a4       0x2b Src\gpio.o
                                0x768 (size before relaxing)
 .debug_str     0x000029cf       0x32 Src\i2c.o
                                0xc0d (size before relaxing)
 .debug_str     0x00002a01       0x41 Src\main.o
                                0xf3e (size before relaxing)
 .debug_str     0x00002a42       0x1b Src\stm32f1xx_hal_msp.o
                                0x703 (size before relaxing)
 .debug_str     0x00002a5d       0xa6 Src\stm32f1xx_it.o
                                0x71a (size before relaxing)
 .debug_str     0x00002b03      0x24c Src\syscalls.o
                                0x843 (size before relaxing)
 .debug_str     0x00002d4f       0x4d Src\system_stm32f1xx.o
                                0x758 (size before relaxing)
 .debug_str     0x00002d9c       0x1a Src\usart.o
                                0xb37 (size before relaxing)

.comment        0x00000000       0x7c
 .comment       0x00000000       0x7c App\gui.o
                                 0x7d (size before relaxing)
 .comment       0x0000007c       0x7d App\test.o
 .comment       0x0000007c       0x7d BSP\OLED\oled.o
 .comment       0x0000007c       0x7d Drivers\STM32F1xx_HAL_Driver\Src\stm32f1xx_hal.o
 .comment       0x0000007c       0x7d Drivers\STM32F1xx_HAL_Driver\Src\stm32f1xx_hal_cortex.o
 .comment       0x0000007c       0x7d Drivers\STM32F1xx_HAL_Driver\Src\stm32f1xx_hal_gpio.o
 .comment       0x0000007c       0x7d Drivers\STM32F1xx_HAL_Driver\Src\stm32f1xx_hal_i2c.o
 .comment       0x0000007c       0x7d Drivers\STM32F1xx_HAL_Driver\Src\stm32f1xx_hal_rcc.o
 .comment       0x0000007c       0x7d Drivers\STM32F1xx_HAL_Driver\Src\stm32f1xx_hal_uart.o
 .comment       0x0000007c       0x7d Src\gpio.o
 .comment       0x0000007c       0x7d Src\i2c.o
 .comment       0x0000007c       0x7d Src\main.o
 .comment       0x0000007c       0x7d Src\stm32f1xx_hal_msp.o
 .comment       0x0000007c       0x7d Src\stm32f1xx_it.o
 .comment       0x0000007c       0x7d Src\syscalls.o
 .comment       0x0000007c       0x7d Src\system_stm32f1xx.o
 .comment       0x0000007c       0x7d Src\usart.o

.debug_frame    0x00000000     0x1c10
 .debug_frame   0x00000000      0x390 App\gui.o
 .debug_frame   0x00000390      0x1b4 App\test.o
 .debug_frame   0x00000544       0xf4 BSP\OLED\oled.o
 .debug_frame   0x00000638      0x1b0 Drivers\STM32F1xx_HAL_Driver\Src\stm32f1xx_hal.o
 .debug_frame   0x000007e8      0x120 Drivers\STM32F1xx_HAL_Driver\Src\stm32f1xx_hal_cortex.o
 .debug_frame   0x00000908       0xd4 Drivers\STM32F1xx_HAL_Driver\Src\stm32f1xx_hal_gpio.o
 .debug_frame   0x000009dc      0x684 Drivers\STM32F1xx_HAL_Driver\Src\stm32f1xx_hal_i2c.o
 .debug_frame   0x00001060      0x150 Drivers\STM32F1xx_HAL_Driver\Src\stm32f1xx_hal_rcc.o
 .debug_frame   0x000011b0      0x4a0 Drivers\STM32F1xx_HAL_Driver\Src\stm32f1xx_hal_uart.o
 .debug_frame   0x00001650       0x30 Src\gpio.o
 .debug_frame   0x00001680       0x60 Src\i2c.o
 .debug_frame   0x000016e0       0x6c Src\main.o
 .debug_frame   0x0000174c       0x28 Src\stm32f1xx_hal_msp.o
 .debug_frame   0x00001774       0xa0 Src\stm32f1xx_it.o
 .debug_frame   0x00001814      0x1a8 Src\syscalls.o
 .debug_frame   0x000019bc       0x30 Src\system_stm32f1xx.o
 .debug_frame   0x000019ec       0x60 Src\usart.o
 .debug_frame   0x00001a4c       0x20 c:/program files (x86)/atollic/truestudio for stm32 9.0.1/armtools/bin/../lib/gcc/arm-atollic-eabi/6.3.1/../../../../arm-atollic-eabi/lib/armv7-m\libc_nano.a(lib_a-errno.o)
 .debug_frame   0x00001a6c       0x2c c:/program files (x86)/atollic/truestudio for stm32 9.0.1/armtools/bin/../lib/gcc/arm-atollic-eabi/6.3.1/../../../../arm-atollic-eabi/lib/armv7-m\libc_nano.a(lib_a-init.o)
 .debug_frame   0x00001a98       0x20 c:/program files (x86)/atollic/truestudio for stm32 9.0.1/armtools/bin/../lib/gcc/arm-atollic-eabi/6.3.1/../../../../arm-atollic-eabi/lib/armv7-m\libc_nano.a(lib_a-memset.o)
 .debug_frame   0x00001ab8       0x44 c:/program files (x86)/atollic/truestudio for stm32 9.0.1/armtools/bin/../lib/gcc/arm-atollic-eabi/6.3.1/../../../../arm-atollic-eabi/lib/armv7-m\libc_nano.a(lib_a-rand.o)
 .debug_frame   0x00001afc       0x30 c:/program files (x86)/atollic/truestudio for stm32 9.0.1/armtools/bin/../lib/gcc/arm-atollic-eabi/6.3.1/../../../../arm-atollic-eabi/lib/armv7-m\libc_nano.a(lib_a-malloc.o)
 .debug_frame   0x00001b2c       0x2c c:/program files (x86)/atollic/truestudio for stm32 9.0.1/armtools/bin/../lib/gcc/arm-atollic-eabi/6.3.1/../../../../arm-atollic-eabi/lib/armv7-m\libc_nano.a(lib_a-nano-mallocr.o)
 .debug_frame   0x00001b58       0x2c c:/program files (x86)/atollic/truestudio for stm32 9.0.1/armtools/bin/../lib/gcc/arm-atollic-eabi/6.3.1/../../../../arm-atollic-eabi/lib/armv7-m\libc_nano.a(lib_a-sbrkr.o)
 .debug_frame   0x00001b84       0x30 c:/program files (x86)/atollic/truestudio for stm32 9.0.1/armtools/bin/../lib/gcc/arm-atollic-eabi/6.3.1/../../../../arm-atollic-eabi/lib/armv7-m\libc_nano.a(lib_a-mlock.o)
 .debug_frame   0x00001bb4       0x5c c:/program files (x86)/atollic/truestudio for stm32 9.0.1/armtools/bin/../lib/gcc/arm-atollic-eabi/6.3.1/../../../../arm-atollic-eabi/lib/armv7-m\libc_nano.a(lib_a-reent.o)
